
> backend@1.0.0 dev
> nodemon src/app.ts

[33m[nodemon] 3.1.14[39m
[33m[nodemon] to restart at any time, enter `rs`[39m
[33m[nodemon] watching path(s): *.*[39m
[33m[nodemon] watching extensions: ts,json[39m
[32m[nodemon] starting `ts-node src/app.ts`[39m
◇ injected env (7) from .env // tip: ⌁ auth for agents [www.vestauth.com]
◇ injected env (0) from .env // tip: ◈ secrets for agents [www.dotenvx.com]
Error: listen EADDRINUSE: address already in use :::3000
    at Server.setupListenHandle [as _listen2] (node:net:1948:16)
    at listenInCluster (node:net:2005:12)
    at Server.listen (node:net:2110:7)
    at Object.<anonymous> (C:\Users\admin\Restaurant--Manager\backend\src\app.ts:73:12)
    at Module._compile (node:internal/modules/cjs/loader:1812:14)
    at Module.m._compile (C:\Users\admin\Restaurant--Manager\backend\node_modules\ts-node\src\index.ts:1618:23)
    at node:internal/modules/cjs/loader:1943:10
    at Object.require.extensions.<computed> [as .ts] (C:\Users\admin\Restaurant--Manager\backend\node_modules\ts-node\src\index.ts:1621:12)
    at Module.load (node:internal/modules/cjs/loader:1533:32)
    at Module._load (node:internal/modules/cjs/loader:1335:12) {
  code: 'EADDRINUSE',
  errno: -4091,
  syscall: 'listen',
  address: '::',
  port: 3000
}
[31m[nodemon] app crashed - waiting for file changes before starting...[39m
[32m[nodemon] restarting due to changes...[39m
[32m[nodemon] starting `ts-node src/app.ts`[39m
◇ injected env (7) from .env // tip: ⌘ multiple files { path: ['.env.local', '.env'] }
◇ injected env (0) from .env // tip: ◈ secrets for agents [www.dotenvx.com]
Error: listen EADDRINUSE: address already in use :::3000
    at Server.setupListenHandle [as _listen2] (node:net:1948:16)
    at listenInCluster (node:net:2005:12)
    at Server.listen (node:net:2110:7)
    at Object.<anonymous> (C:\Users\admin\Restaurant--Manager\backend\src\app.ts:73:12)
    at Module._compile (node:internal/modules/cjs/loader:1812:14)
    at Module.m._compile (C:\Users\admin\Restaurant--Manager\backend\node_modules\ts-node\src\index.ts:1618:23)
    at node:internal/modules/cjs/loader:1943:10
    at Object.require.extensions.<computed> [as .ts] (C:\Users\admin\Restaurant--Manager\backend\node_modules\ts-node\src\index.ts:1621:12)
    at Module.load (node:internal/modules/cjs/loader:1533:32)
    at Module._load (node:internal/modules/cjs/loader:1335:12) {
  code: 'EADDRINUSE',
  errno: -4091,
  syscall: 'listen',
  address: '::',
  port: 3000
}
[31m[nodemon] app crashed - waiting for file changes before starting...[39m
[32m[nodemon] restarting due to changes...[39m
[32m[nodemon] starting `ts-node src/app.ts`[39m
◇ injected env (7) from .env // tip: ⌘ override existing { override: true }
◇ injected env (0) from .env // tip: ⌘ suppress logs { quiet: true }
Server đang chạy ngon lành tại port: 3000
[32m[nodemon] restarting due to changes...[39m
[32m[nodemon] starting `ts-node src/app.ts`[39m
◇ injected env (7) from .env // tip: ⌘ override existing { override: true }
◇ injected env (0) from .env // tip: ⌁ auth for agents [www.vestauth.com]
Server đang chạy ngon lành tại port: 3000
[32m[nodemon] restarting due to changes...[39m
[32m[nodemon] starting `ts-node src/app.ts`[39m
◇ injected env (7) from .env // tip: ⌁ auth for agents [www.vestauth.com]
◇ injected env (0) from .env // tip: ⌁ auth for agents [www.vestauth.com]
Server đang chạy ngon lành tại port: 3000
[32m[nodemon] restarting due to changes...[39m
[32m[nodemon] starting `ts-node src/app.ts`[39m
◇ injected env (7) from .env // tip: ◈ encrypted .env [www.dotenvx.com]
◇ injected env (0) from .env // tip: ⌘ enable debugging { debug: true }
Server đang chạy ngon lành tại port: 3000
[32m[nodemon] restarting due to changes...[39m
[32m[nodemon] starting `ts-node src/app.ts`[39m
◇ injected env (7) from .env // tip: ⌘ custom filepath { path: '/custom/path/.env' }
◇ injected env (0) from .env // tip: ⌘ custom filepath { path: '/custom/path/.env' }
Error: listen EADDRINUSE: address already in use :::3000
    at Server.setupListenHandle [as _listen2] (node:net:1948:16)
    at listenInCluster (node:net:2005:12)
    at Server.listen (node:net:2110:7)
    at Object.<anonymous> (C:\Users\admin\Restaurant--Manager\backend\src\app.ts:73:12)
    at Module._compile (node:internal/modules/cjs/loader:1812:14)
    at Module.m._compile (C:\Users\admin\Restaurant--Manager\backend\node_modules\ts-node\src\index.ts:1618:23)
    at node:internal/modules/cjs/loader:1943:10
    at Object.require.extensions.<computed> [as .ts] (C:\Users\admin\Restaurant--Manager\backend\node_modules\ts-node\src\index.ts:1621:12)
    at Module.load (node:internal/modules/cjs/loader:1533:32)
    at Module._load (node:internal/modules/cjs/loader:1335:12) {
  code: 'EADDRINUSE',
  errno: -4091,
  syscall: 'listen',
  address: '::',
  port: 3000
}
[31m[nodemon] app crashed - waiting for file changes before starting...[39m
